2026-07-29T10:11:15.622Z INFO Is remote: false
2026-07-29T10:11:15.623Z INFO Starting Local. Installation path: c:\Users\91852\Desktop\qick parctice challeges\css\DAY 7
2026-07-29T10:11:15.623Z INFO [MainProvider] Creating new MainProvider instance...
2026-07-29T10:11:15.624Z INFO [TabsManager] Code view listener set up at initialization
2026-07-29T10:11:15.624Z INFO Installation path exists: c:\Users\91852\Desktop\qick parctice challeges\css\DAY 7
2026-07-29T10:11:15.625Z INFO Initializing database with URL: file:c:\Users\91852\Desktop\qick parctice challeges\css\DAY 7\pythagora-core\data\database\pythagora.db
2026-07-29T10:11:15.627Z INFO Database file exists, skipping prisma generate/push for faster startup
2026-07-29T10:11:15.627Z INFO Database initialized successfully
2026-07-29T10:11:15.628Z INFO [Migration] Checking for database migration...
2026-07-29T10:11:18.585Z INFO [Migration] No migration needed
2026-07-29T10:11:43.113Z INFO [TabsManager] First file opened, triggering split view
2026-07-29T10:11:43.114Z INFO [MainProvider] First file opened, creating split view
2026-07-29T10:11:51.317Z INFO [TabsManager] First file opened, triggering split view
2026-07-29T10:11:51.318Z INFO [MainProvider] First file opened, creating split view
2026-07-29T10:11:53.242Z INFO [TabsManager] First file opened, triggering split view
2026-07-29T10:11:53.242Z INFO [MainProvider] First file opened, creating split view
2026-07-29T10:17:16.222Z INFO Closing entire Pythagora extension...
2026-07-29T10:17:16.230Z ERROR Error closing extension
Error: Canceled
Stack: Canceled: Canceled
    at new Nx (file:///c:/Users/91852/AppData/Local/Programs/Microsoft%20VS%20Code/1b6a188127/resources/app/out/vs/workbench/api/node/extensionHostProcess.js:435:152416)
    at i._remoteCall (file:///c:/Users/91852/AppData/Local/Programs/Microsoft%20VS%20Code/1b6a188127/resources/app/out/vs/workbench/api/node/extensionHostProcess.js:435:158468)
    at Proxy.r.<computed>.s.charCodeAt.r.<computed> (file:///c:/Users/91852/AppData/Local/Programs/Microsoft%20VS%20Code/1b6a188127/resources/app/out/vs/workbench/api/node/extensionHostProcess.js:435:155263)
    at jg._doExecuteCommand (file:///c:/Users/91852/AppData/Local/Programs/Microsoft%20VS%20Code/1b6a188127/resources/app/out/vs/workbench/api/node/extensionHostProcess.js:535:48252)
    at jg.executeCommand (file:///c:/Users/91852/AppData/Local/Programs/Microsoft%20VS%20Code/1b6a188127/resources/app/out/vs/workbench/api/node/extensionHostProcess.js:535:47699)
    at Object.executeCommand (file:///c:/Users/91852/AppData/Local/Programs/Microsoft%20VS%20Code/1b6a188127/resources/app/out/vs/workbench/api/node/extensionHostProcess.js:673:138438)
    at closeEntirePythagoraExtension (c:\Users\91852\.vscode\extensions\pythagoratechnologies.pythagora-vs-code-2.6.19\out\extension.js:542:31)
    at Object.deactivate (c:\Users\91852\.vscode\extensions\pythagoratechnologies.pythagora-vs-code-2.6.19\out\extension.js:409:15)
    at m_._deactivate (file:///c:/Users/91852/AppData/Local/Programs/Microsoft%20VS%20Code/1b6a188127/resources/app/out/vs/workbench/api/node/extensionHostProcess.js:539:14930)
    at file:///c:/Users/91852/AppData/Local/Programs/Microsoft%20VS%20Code/1b6a188127/resources/app/out/vs/workbench/api/node/extensionHostProcess.js:539:12457
    at Array.map (<anonymous>)
    at m_._deactivateAll (file:///c:/Users/91852/AppData/Local/Programs/Microsoft%20VS%20Code/1b6a188127/resources/app/out/vs/workbench/api/node/extensionHostProcess.js:539:12445)
    at m_.terminate (file:///c:/Users/91852/AppData/Local/Programs/Microsoft%20VS%20Code/1b6a188127/resources/app/out/vs/workbench/api/node/extensionHostProcess.js:539:12796)
    at i.terminate (file:///c:/Users/91852/AppData/Local/Programs/Microsoft%20VS%20Code/1b6a188127/resources/app/out/vs/workbench/api/node/extensionHostProcess.js:541:1072)
    at da (file:///c:/Users/91852/AppData/Local/Programs/Microsoft%20VS%20Code/1b6a188127/resources/app/out/vs/workbench/api/node/extensionHostProcess.js:852:11797)
    at Pp.value (file:///c:/Users/91852/AppData/Local/Programs/Microsoft%20VS%20Code/1b6a188127/resources/app/out/vs/workbench/api/node/extensionHostProcess.js:852:9939)
    at T._deliver (file:///c:/Users/91852/AppData/Local/Programs/Microsoft%20VS%20Code/1b6a188127/resources/app/out/vs/workbench/api/node/extensionHostProcess.js:431:3244)
    at T.fire (file:///c:/Users/91852/AppData/Local/Programs/Microsoft%20VS%20Code/1b6a188127/resources/app/out/vs/workbench/api/node/extensionHostProcess.js:431:3562)
    at fs.fire (file:///c:/Users/91852/AppData/Local/Programs/Microsoft%20VS%20Code/1b6a188127/resources/app/out/vs/workbench/api/node/extensionHostProcess.js:433:8509)
    at MessagePortMain.<anonymous> (file:///c:/Users/91852/AppData/Local/Programs/Microsoft%20VS%20Code/1b6a188127/resources/app/out/vs/workbench/api/node/extensionHostProcess.js:852:8171)
    at MessagePortMain.emit (node:events:509:28)
    at Object.emit (node:electron/js2c/utility_init:2:2934)
Extra context: {
  "message": "Canceled"
}
2026-07-29T10:17:24.347Z INFO Is remote: false
2026-07-29T10:17:24.347Z INFO Starting Local. Installation path: c:\Users\91852\Desktop\qick parctice challeges\css\DAY 7
2026-07-29T10:17:24.348Z INFO [MainProvider] Creating new MainProvider instance...
2026-07-29T10:17:24.348Z INFO [TabsManager] Code view listener set up at initialization
2026-07-29T10:17:24.349Z INFO Installation path exists: c:\Users\91852\Desktop\qick parctice challeges\css\DAY 7
2026-07-29T10:17:24.350Z INFO Initializing database with URL: file:c:\Users\91852\Desktop\qick parctice challeges\css\DAY 7\pythagora-core\data\database\pythagora.db
2026-07-29T10:17:24.353Z INFO Database file exists, skipping prisma generate/push for faster startup
2026-07-29T10:17:24.353Z INFO Database initialized successfully
2026-07-29T10:17:24.354Z INFO [Migration] Checking for database migration...
2026-07-29T10:17:29.243Z INFO [Migration] No migration needed
2026-07-29T10:17:45.464Z INFO [TabsManager] First file opened, triggering split view
2026-07-29T10:17:45.465Z INFO [MainProvider] First file opened, creating split view
2026-07-29T10:17:49.275Z INFO [TabsManager] First file opened, triggering split view
2026-07-29T10:17:49.275Z INFO [MainProvider] First file opened, creating split view
2026-07-29T11:20:07.059Z INFO Closing entire Pythagora extension...
2026-07-29T11:20:07.065Z ERROR Error closing extension
Error: Canceled
Stack: Canceled: Canceled
    at new Fx (file:///c:/Users/91852/AppData/Local/Programs/Microsoft%20VS%20Code/e4c7e7b1d6/resources/app/out/vs/workbench/api/node/extensionHostProcess.js:435:152416)
    at i._remoteCall (file:///c:/Users/91852/AppData/Local/Programs/Microsoft%20VS%20Code/e4c7e7b1d6/resources/app/out/vs/workbench/api/node/extensionHostProcess.js:435:158468)
    at Proxy.r.<computed>.s.charCodeAt.r.<computed> (file:///c:/Users/91852/AppData/Local/Programs/Microsoft%20VS%20Code/e4c7e7b1d6/resources/app/out/vs/workbench/api/node/extensionHostProcess.js:435:155263)
    at jg._doExecuteCommand (file:///c:/Users/91852/AppData/Local/Programs/Microsoft%20VS%20Code/e4c7e7b1d6/resources/app/out/vs/workbench/api/node/extensionHostProcess.js:535:48252)
    at jg.executeCommand (file:///c:/Users/91852/AppData/Local/Programs/Microsoft%20VS%20Code/e4c7e7b1d6/resources/app/out/vs/workbench/api/node/extensionHostProcess.js:535:47699)
    at Object.executeCommand (file:///c:/Users/91852/AppData/Local/Programs/Microsoft%20VS%20Code/e4c7e7b1d6/resources/app/out/vs/workbench/api/node/extensionHostProcess.js:673:138438)
    at closeEntirePythagoraExtension (c:\Users\91852\.vscode\extensions\pythagoratechnologies.pythagora-vs-code-2.6.19\out\extension.js:542:31)
    at Object.deactivate (c:\Users\91852\.vscode\extensions\pythagoratechnologies.pythagora-vs-code-2.6.19\out\extension.js:409:15)
    at g_._deactivate (file:///c:/Users/91852/AppData/Local/Programs/Microsoft%20VS%20Code/e4c7e7b1d6/resources/app/out/vs/workbench/api/node/extensionHostProcess.js:539:14930)
    at file:///c:/Users/91852/AppData/Local/Programs/Microsoft%20VS%20Code/e4c7e7b1d6/resources/app/out/vs/workbench/api/node/extensionHostProcess.js:539:12457
    at Array.map (<anonymous>)
    at g_._deactivateAll (file:///c:/Users/91852/AppData/Local/Programs/Microsoft%20VS%20Code/e4c7e7b1d6/resources/app/out/vs/workbench/api/node/extensionHostProcess.js:539:12445)
    at g_.terminate (file:///c:/Users/91852/AppData/Local/Programs/Microsoft%20VS%20Code/e4c7e7b1d6/resources/app/out/vs/workbench/api/node/extensionHostProcess.js:539:12796)
    at i.terminate (file:///c:/Users/91852/AppData/Local/Programs/Microsoft%20VS%20Code/e4c7e7b1d6/resources/app/out/vs/workbench/api/node/extensionHostProcess.js:541:1072)
    at da (file:///c:/Users/91852/AppData/Local/Programs/Microsoft%20VS%20Code/e4c7e7b1d6/resources/app/out/vs/workbench/api/node/extensionHostProcess.js:852:11797)
    at Pp.value (file:///c:/Users/91852/AppData/Local/Programs/Microsoft%20VS%20Code/e4c7e7b1d6/resources/app/out/vs/workbench/api/node/extensionHostProcess.js:852:9939)
    at T._deliver (file:///c:/Users/91852/AppData/Local/Programs/Microsoft%20VS%20Code/e4c7e7b1d6/resources/app/out/vs/workbench/api/node/extensionHostProcess.js:431:3244)
    at T.fire (file:///c:/Users/91852/AppData/Local/Programs/Microsoft%20VS%20Code/e4c7e7b1d6/resources/app/out/vs/workbench/api/node/extensionHostProcess.js:431:3562)
    at fs.fire (file:///c:/Users/91852/AppData/Local/Programs/Microsoft%20VS%20Code/e4c7e7b1d6/resources/app/out/vs/workbench/api/node/extensionHostProcess.js:433:8509)
    at MessagePortMain.<anonymous> (file:///c:/Users/91852/AppData/Local/Programs/Microsoft%20VS%20Code/e4c7e7b1d6/resources/app/out/vs/workbench/api/node/extensionHostProcess.js:852:8171)
    at MessagePortMain.emit (node:events:509:28)
    at Object.emit (node:electron/js2c/utility_init:2:2934)
Extra context: {
  "message": "Canceled"
}
2026-07-31T05:34:04.346Z INFO Is remote: false
2026-07-31T05:34:04.348Z INFO Starting Local. Installation path: c:\Users\91852\Desktop\qick parctice challeges\css\DAY 7
2026-07-31T05:34:04.349Z INFO [MainProvider] Creating new MainProvider instance...
2026-07-31T05:34:04.350Z INFO [TabsManager] Code view listener set up at initialization
2026-07-31T05:34:04.352Z INFO Installation path exists: c:\Users\91852\Desktop\qick parctice challeges\css\DAY 7
2026-07-31T05:34:04.353Z INFO Initializing database with URL: file:c:\Users\91852\Desktop\qick parctice challeges\css\DAY 7\pythagora-core\data\database\pythagora.db
2026-07-31T05:34:04.356Z INFO Database file exists, skipping prisma generate/push for faster startup
2026-07-31T05:34:04.356Z INFO Database initialized successfully
2026-07-31T05:34:04.357Z INFO [Migration] Checking for database migration...
2026-07-31T05:34:04.742Z INFO [Migration] No migration needed
2026-07-31T05:34:18.264Z INFO [TabsManager] First file opened, triggering split view
2026-07-31T05:34:18.264Z INFO [MainProvider] First file opened, creating split view
2026-07-31T05:34:30.588Z INFO [TabsManager] First file opened, triggering split view
2026-07-31T05:34:30.588Z INFO [MainProvider] First file opened, creating split view
2026-07-31T05:36:03.265Z INFO [TabsManager] First file opened, triggering split view
2026-07-31T05:36:03.265Z INFO [MainProvider] First file opened, creating split view
2026-07-31T05:36:05.061Z INFO [TabsManager] First file opened, triggering split view
2026-07-31T05:36:05.061Z INFO [MainProvider] First file opened, creating split view
2026-07-31T05:46:31.645Z INFO [TabsManager] First file opened, triggering split view
2026-07-31T05:46:31.646Z INFO [MainProvider] First file opened, creating split view
2026-07-31T05:46:35.241Z INFO [TabsManager] First file opened, triggering split view
2026-07-31T05:46:35.241Z INFO [MainProvider] First file opened, creating split view
2026-07-31T06:13:14.013Z INFO Closing entire Pythagora extension...
2026-07-31T06:13:14.022Z ERROR Error closing extension
Error: Canceled
Stack: Canceled: Canceled
    at new Fx (file:///c:/Users/91852/AppData/Local/Programs/Microsoft%20VS%20Code/e4c7e7b1d6/resources/app/out/vs/workbench/api/node/extensionHostProcess.js:435:152416)
    at i._remoteCall (file:///c:/Users/91852/AppData/Local/Programs/Microsoft%20VS%20Code/e4c7e7b1d6/resources/app/out/vs/workbench/api/node/extensionHostProcess.js:435:158468)
    at Proxy.r.<computed>.s.charCodeAt.r.<computed> (file:///c:/Users/91852/AppData/Local/Programs/Microsoft%20VS%20Code/e4c7e7b1d6/resources/app/out/vs/workbench/api/node/extensionHostProcess.js:435:155263)
    at jg._doExecuteCommand (file:///c:/Users/91852/AppData/Local/Programs/Microsoft%20VS%20Code/e4c7e7b1d6/resources/app/out/vs/workbench/api/node/extensionHostProcess.js:535:48252)
    at jg.executeCommand (file:///c:/Users/91852/AppData/Local/Programs/Microsoft%20VS%20Code/e4c7e7b1d6/resources/app/out/vs/workbench/api/node/extensionHostProcess.js:535:47699)
    at Object.executeCommand (file:///c:/Users/91852/AppData/Local/Programs/Microsoft%20VS%20Code/e4c7e7b1d6/resources/app/out/vs/workbench/api/node/extensionHostProcess.js:673:138438)
    at closeEntirePythagoraExtension (c:\Users\91852\.vscode\extensions\pythagoratechnologies.pythagora-vs-code-2.6.19\out\extension.js:542:31)
    at Object.deactivate (c:\Users\91852\.vscode\extensions\pythagoratechnologies.pythagora-vs-code-2.6.19\out\extension.js:409:15)
    at g_._deactivate (file:///c:/Users/91852/AppData/Local/Programs/Microsoft%20VS%20Code/e4c7e7b1d6/resources/app/out/vs/workbench/api/node/extensionHostProcess.js:539:14930)
    at file:///c:/Users/91852/AppData/Local/Programs/Microsoft%20VS%20Code/e4c7e7b1d6/resources/app/out/vs/workbench/api/node/extensionHostProcess.js:539:12457
    at Array.map (<anonymous>)
    at g_._deactivateAll (file:///c:/Users/91852/AppData/Local/Programs/Microsoft%20VS%20Code/e4c7e7b1d6/resources/app/out/vs/workbench/api/node/extensionHostProcess.js:539:12445)
    at g_.terminate (file:///c:/Users/91852/AppData/Local/Programs/Microsoft%20VS%20Code/e4c7e7b1d6/resources/app/out/vs/workbench/api/node/extensionHostProcess.js:539:12796)
    at i.terminate (file:///c:/Users/91852/AppData/Local/Programs/Microsoft%20VS%20Code/e4c7e7b1d6/resources/app/out/vs/workbench/api/node/extensionHostProcess.js:541:1072)
    at da (file:///c:/Users/91852/AppData/Local/Programs/Microsoft%20VS%20Code/e4c7e7b1d6/resources/app/out/vs/workbench/api/node/extensionHostProcess.js:852:11797)
    at Pp.value (file:///c:/Users/91852/AppData/Local/Programs/Microsoft%20VS%20Code/e4c7e7b1d6/resources/app/out/vs/workbench/api/node/extensionHostProcess.js:852:9939)
    at T._deliver (file:///c:/Users/91852/AppData/Local/Programs/Microsoft%20VS%20Code/e4c7e7b1d6/resources/app/out/vs/workbench/api/node/extensionHostProcess.js:431:3244)
    at T.fire (file:///c:/Users/91852/AppData/Local/Programs/Microsoft%20VS%20Code/e4c7e7b1d6/resources/app/out/vs/workbench/api/node/extensionHostProcess.js:431:3562)
    at fs.fire (file:///c:/Users/91852/AppData/Local/Programs/Microsoft%20VS%20Code/e4c7e7b1d6/resources/app/out/vs/workbench/api/node/extensionHostProcess.js:433:8509)
    at MessagePortMain.<anonymous> (file:///c:/Users/91852/AppData/Local/Programs/Microsoft%20VS%20Code/e4c7e7b1d6/resources/app/out/vs/workbench/api/node/extensionHostProcess.js:852:8171)
    at MessagePortMain.emit (node:events:509:28)
    at Object.emit (node:electron/js2c/utility_init:2:2934)
Extra context: {
  "message": "Canceled"
}
2026-07-31T08:32:13.172Z INFO Is remote: false
2026-07-31T08:32:13.173Z INFO Starting Local. Installation path: c:\Users\91852\Desktop\qick parctice challeges\css\DAY 7
2026-07-31T08:32:13.174Z INFO [MainProvider] Creating new MainProvider instance...
2026-07-31T08:32:13.174Z INFO [TabsManager] Code view listener set up at initialization
2026-07-31T08:32:13.175Z INFO Installation path exists: c:\Users\91852\Desktop\qick parctice challeges\css\DAY 7
2026-07-31T08:32:13.176Z INFO Initializing database with URL: file:c:\Users\91852\Desktop\qick parctice challeges\css\DAY 7\pythagora-core\data\database\pythagora.db
2026-07-31T08:32:13.179Z INFO Database file exists, skipping prisma generate/push for faster startup
2026-07-31T08:32:13.179Z INFO Database initialized successfully
2026-07-31T08:32:13.180Z INFO [Migration] Checking for database migration...
2026-07-31T08:32:13.685Z INFO [Migration] No migration needed
2026-07-31T08:32:18.403Z INFO [TabsManager] First file opened, triggering split view
2026-07-31T08:32:18.404Z INFO [MainProvider] First file opened, creating split view
2026-07-31T08:32:20.967Z INFO [TabsManager] First file opened, triggering split view
2026-07-31T08:32:20.967Z INFO [MainProvider] First file opened, creating split view
2026-07-31T09:14:03.069Z INFO Is remote: false
2026-07-31T09:14:03.070Z INFO Starting Local. Installation path: c:\Users\91852\Desktop\qick parctice challeges\css\DAY 7
2026-07-31T09:14:03.071Z INFO [MainProvider] Creating new MainProvider instance...
2026-07-31T09:14:03.072Z INFO [TabsManager] Code view listener set up at initialization
2026-07-31T09:14:03.073Z INFO Installation path exists: c:\Users\91852\Desktop\qick parctice challeges\css\DAY 7
2026-07-31T09:14:03.073Z INFO Initializing database with URL: file:c:\Users\91852\Desktop\qick parctice challeges\css\DAY 7\pythagora-core\data\database\pythagora.db
2026-07-31T09:14:03.076Z INFO Database file exists, skipping prisma generate/push for faster startup
2026-07-31T09:14:03.076Z INFO Database initialized successfully
2026-07-31T09:14:03.077Z INFO [Migration] Checking for database migration...
2026-07-31T09:14:03.536Z INFO [Migration] No migration needed
2026-07-31T09:14:11.789Z INFO [TabsManager] First file opened, triggering split view
2026-07-31T09:14:11.790Z INFO [MainProvider] First file opened, creating split view
2026-07-31T09:14:24.668Z INFO [TabsManager] First file opened, triggering split view
2026-07-31T09:14:24.668Z INFO [MainProvider] First file opened, creating split view
2026-07-31T10:23:41.187Z INFO Closing entire Pythagora extension...
2026-07-31T10:23:41.195Z ERROR Error closing extension
Error: Canceled
Stack: Canceled: Canceled
    at new Fx (file:///c:/Users/91852/AppData/Local/Programs/Microsoft%20VS%20Code/e4c7e7b1d6/resources/app/out/vs/workbench/api/node/extensionHostProcess.js:435:152416)
    at i._remoteCall (file:///c:/Users/91852/AppData/Local/Programs/Microsoft%20VS%20Code/e4c7e7b1d6/resources/app/out/vs/workbench/api/node/extensionHostProcess.js:435:158468)
    at Proxy.r.<computed>.s.charCodeAt.r.<computed> (file:///c:/Users/91852/AppData/Local/Programs/Microsoft%20VS%20Code/e4c7e7b1d6/resources/app/out/vs/workbench/api/node/extensionHostProcess.js:435:155263)
    at jg._doExecuteCommand (file:///c:/Users/91852/AppData/Local/Programs/Microsoft%20VS%20Code/e4c7e7b1d6/resources/app/out/vs/workbench/api/node/extensionHostProcess.js:535:48252)
    at jg.executeCommand (file:///c:/Users/91852/AppData/Local/Programs/Microsoft%20VS%20Code/e4c7e7b1d6/resources/app/out/vs/workbench/api/node/extensionHostProcess.js:535:47699)
    at Object.executeCommand (file:///c:/Users/91852/AppData/Local/Programs/Microsoft%20VS%20Code/e4c7e7b1d6/resources/app/out/vs/workbench/api/node/extensionHostProcess.js:673:138438)
    at closeEntirePythagoraExtension (c:\Users\91852\.vscode\extensions\pythagoratechnologies.pythagora-vs-code-2.6.19\out\extension.js:542:31)
    at Object.deactivate (c:\Users\91852\.vscode\extensions\pythagoratechnologies.pythagora-vs-code-2.6.19\out\extension.js:409:15)
    at g_._deactivate (file:///c:/Users/91852/AppData/Local/Programs/Microsoft%20VS%20Code/e4c7e7b1d6/resources/app/out/vs/workbench/api/node/extensionHostProcess.js:539:14930)
    at file:///c:/Users/91852/AppData/Local/Programs/Microsoft%20VS%20Code/e4c7e7b1d6/resources/app/out/vs/workbench/api/node/extensionHostProcess.js:539:12457
    at Array.map (<anonymous>)
    at g_._deactivateAll (file:///c:/Users/91852/AppData/Local/Programs/Microsoft%20VS%20Code/e4c7e7b1d6/resources/app/out/vs/workbench/api/node/extensionHostProcess.js:539:12445)
    at g_.terminate (file:///c:/Users/91852/AppData/Local/Programs/Microsoft%20VS%20Code/e4c7e7b1d6/resources/app/out/vs/workbench/api/node/extensionHostProcess.js:539:12796)
    at i.terminate (file:///c:/Users/91852/AppData/Local/Programs/Microsoft%20VS%20Code/e4c7e7b1d6/resources/app/out/vs/workbench/api/node/extensionHostProcess.js:541:1072)
    at da (file:///c:/Users/91852/AppData/Local/Programs/Microsoft%20VS%20Code/e4c7e7b1d6/resources/app/out/vs/workbench/api/node/extensionHostProcess.js:852:11797)
    at Pp.value (file:///c:/Users/91852/AppData/Local/Programs/Microsoft%20VS%20Code/e4c7e7b1d6/resources/app/out/vs/workbench/api/node/extensionHostProcess.js:852:9939)
    at T._deliver (file:///c:/Users/91852/AppData/Local/Programs/Microsoft%20VS%20Code/e4c7e7b1d6/resources/app/out/vs/workbench/api/node/extensionHostProcess.js:431:3244)
    at T.fire (file:///c:/Users/91852/AppData/Local/Programs/Microsoft%20VS%20Code/e4c7e7b1d6/resources/app/out/vs/workbench/api/node/extensionHostProcess.js:431:3562)
    at fs.fire (file:///c:/Users/91852/AppData/Local/Programs/Microsoft%20VS%20Code/e4c7e7b1d6/resources/app/out/vs/workbench/api/node/extensionHostProcess.js:433:8509)
    at MessagePortMain.<anonymous> (file:///c:/Users/91852/AppData/Local/Programs/Microsoft%20VS%20Code/e4c7e7b1d6/resources/app/out/vs/workbench/api/node/extensionHostProcess.js:852:8171)
    at MessagePortMain.emit (node:events:509:28)
    at Object.emit (node:electron/js2c/utility_init:2:2934)
Extra context: {
  "message": "Canceled"
}
2026-07-31T10:23:51.274Z INFO Is remote: false
2026-07-31T10:23:51.275Z INFO Starting Local. Installation path: c:\Users\91852\Desktop\qick parctice challeges\css\DAY 7
2026-07-31T10:23:51.275Z INFO [MainProvider] Creating new MainProvider instance...
2026-07-31T10:23:51.276Z INFO [TabsManager] Code view listener set up at initialization
2026-07-31T10:23:51.277Z INFO Installation path exists: c:\Users\91852\Desktop\qick parctice challeges\css\DAY 7
2026-07-31T10:23:51.278Z INFO Initializing database with URL: file:c:\Users\91852\Desktop\qick parctice challeges\css\DAY 7\pythagora-core\data\database\pythagora.db
2026-07-31T10:23:51.281Z INFO Database file exists, skipping prisma generate/push for faster startup
2026-07-31T10:23:51.282Z INFO Database initialized successfully
2026-07-31T10:23:51.282Z INFO [Migration] Checking for database migration...
2026-07-31T10:23:51.936Z INFO [Migration] No migration needed
2026-07-31T10:24:00.168Z INFO Closing entire Pythagora extension...
2026-07-31T10:24:00.175Z ERROR Error closing extension
Error: Canceled
Stack: Canceled: Canceled
    at new Fx (file:///c:/Users/91852/AppData/Local/Programs/Microsoft%20VS%20Code/e4c7e7b1d6/resources/app/out/vs/workbench/api/node/extensionHostProcess.js:435:152416)
    at i._remoteCall (file:///c:/Users/91852/AppData/Local/Programs/Microsoft%20VS%20Code/e4c7e7b1d6/resources/app/out/vs/workbench/api/node/extensionHostProcess.js:435:158468)
    at Proxy.r.<computed>.s.charCodeAt.r.<computed> (file:///c:/Users/91852/AppData/Local/Programs/Microsoft%20VS%20Code/e4c7e7b1d6/resources/app/out/vs/workbench/api/node/extensionHostProcess.js:435:155263)
    at jg._doExecuteCommand (file:///c:/Users/91852/AppData/Local/Programs/Microsoft%20VS%20Code/e4c7e7b1d6/resources/app/out/vs/workbench/api/node/extensionHostProcess.js:535:48252)
    at jg.executeCommand (file:///c:/Users/91852/AppData/Local/Programs/Microsoft%20VS%20Code/e4c7e7b1d6/resources/app/out/vs/workbench/api/node/extensionHostProcess.js:535:47699)
    at Object.executeCommand (file:///c:/Users/91852/AppData/Local/Programs/Microsoft%20VS%20Code/e4c7e7b1d6/resources/app/out/vs/workbench/api/node/extensionHostProcess.js:673:138438)
    at closeEntirePythagoraExtension (c:\Users\91852\.vscode\extensions\pythagoratechnologies.pythagora-vs-code-2.6.19\out\extension.js:542:31)
    at Object.deactivate (c:\Users\91852\.vscode\extensions\pythagoratechnologies.pythagora-vs-code-2.6.19\out\extension.js:409:15)
    at g_._deactivate (file:///c:/Users/91852/AppData/Local/Programs/Microsoft%20VS%20Code/e4c7e7b1d6/resources/app/out/vs/workbench/api/node/extensionHostProcess.js:539:14930)
    at file:///c:/Users/91852/AppData/Local/Programs/Microsoft%20VS%20Code/e4c7e7b1d6/resources/app/out/vs/workbench/api/node/extensionHostProcess.js:539:12457
    at Array.map (<anonymous>)
    at g_._deactivateAll (file:///c:/Users/91852/AppData/Local/Programs/Microsoft%20VS%20Code/e4c7e7b1d6/resources/app/out/vs/workbench/api/node/extensionHostProcess.js:539:12445)
    at g_.terminate (file:///c:/Users/91852/AppData/Local/Programs/Microsoft%20VS%20Code/e4c7e7b1d6/resources/app/out/vs/workbench/api/node/extensionHostProcess.js:539:12796)
    at i.terminate (file:///c:/Users/91852/AppData/Local/Programs/Microsoft%20VS%20Code/e4c7e7b1d6/resources/app/out/vs/workbench/api/node/extensionHostProcess.js:541:1072)
    at da (file:///c:/Users/91852/AppData/Local/Programs/Microsoft%20VS%20Code/e4c7e7b1d6/resources/app/out/vs/workbench/api/node/extensionHostProcess.js:852:11797)
    at Pp.value (file:///c:/Users/91852/AppData/Local/Programs/Microsoft%20VS%20Code/e4c7e7b1d6/resources/app/out/vs/workbench/api/node/extensionHostProcess.js:852:9939)
    at T._deliver (file:///c:/Users/91852/AppData/Local/Programs/Microsoft%20VS%20Code/e4c7e7b1d6/resources/app/out/vs/workbench/api/node/extensionHostProcess.js:431:3244)
    at T.fire (file:///c:/Users/91852/AppData/Local/Programs/Microsoft%20VS%20Code/e4c7e7b1d6/resources/app/out/vs/workbench/api/node/extensionHostProcess.js:431:3562)
    at fs.fire (file:///c:/Users/91852/AppData/Local/Programs/Microsoft%20VS%20Code/e4c7e7b1d6/resources/app/out/vs/workbench/api/node/extensionHostProcess.js:433:8509)
    at MessagePortMain.<anonymous> (file:///c:/Users/91852/AppData/Local/Programs/Microsoft%20VS%20Code/e4c7e7b1d6/resources/app/out/vs/workbench/api/node/extensionHostProcess.js:852:8171)
    at MessagePortMain.emit (node:events:509:28)
    at Object.emit (node:electron/js2c/utility_init:2:2934)
Extra context: {
  "message": "Canceled"
}
2026-08-01T10:28:31.618Z INFO Is remote: false
2026-08-01T10:28:31.619Z INFO Starting Local. Installation path: c:\Users\91852\Desktop\qick parctice challeges\css\DAY 7
2026-08-01T10:28:31.619Z INFO [MainProvider] Creating new MainProvider instance...
2026-08-01T10:28:31.620Z INFO [TabsManager] Code view listener set up at initialization
2026-08-01T10:28:31.620Z INFO Installation path exists: c:\Users\91852\Desktop\qick parctice challeges\css\DAY 7
2026-08-01T10:28:31.621Z INFO Initializing database with URL: file:c:\Users\91852\Desktop\qick parctice challeges\css\DAY 7\pythagora-core\data\database\pythagora.db
2026-08-01T10:28:31.623Z INFO Database file exists, skipping prisma generate/push for faster startup
2026-08-01T10:28:31.623Z INFO Database initialized successfully
2026-08-01T10:28:31.623Z INFO [Migration] Checking for database migration...
2026-08-01T10:28:31.893Z INFO [Migration] No migration needed
2026-08-01T10:30:43.723Z INFO [TabsManager] First file opened, triggering split view
2026-08-01T10:30:43.724Z INFO [MainProvider] First file opened, creating split view
2026-08-01T10:30:50.983Z INFO [TabsManager] First file opened, triggering split view
2026-08-01T10:30:50.984Z INFO [MainProvider] First file opened, creating split view
2026-08-01T10:33:06.882Z INFO [TabsManager] First file opened, triggering split view
2026-08-01T10:33:06.882Z INFO [MainProvider] First file opened, creating split view
2026-08-01T10:35:12.565Z INFO [TabsManager] First file opened, triggering split view
2026-08-01T10:35:12.566Z INFO [MainProvider] First file opened, creating split view
2026-08-01T10:35:13.812Z INFO [TabsManager] First file opened, triggering split view
2026-08-01T10:35:13.812Z INFO [MainProvider] First file opened, creating split view
2026-08-01T10:35:25.641Z INFO [TabsManager] First file opened, triggering split view
2026-08-01T10:35:25.641Z INFO [MainProvider] First file opened, creating split view
2026-08-01T10:35:28.267Z INFO [TabsManager] First file opened, triggering split view
2026-08-01T10:35:28.268Z INFO [MainProvider] First file opened, creating split view
2026-08-01T10:35:29.927Z INFO [TabsManager] First file opened, triggering split view
2026-08-01T10:35:29.927Z INFO [MainProvider] First file opened, creating split view
2026-08-01T10:36:34.034Z INFO [TabsManager] First file opened, triggering split view
2026-08-01T10:36:34.035Z INFO [MainProvider] First file opened, creating split view
2026-08-01T10:37:04.042Z INFO Closing entire Pythagora extension...
2026-08-01T10:37:04.047Z ERROR Error closing extension
Error: Canceled
Stack: Canceled: Canceled
    at new Fx (file:///c:/Users/91852/AppData/Local/Programs/Microsoft%20VS%20Code/e4c7e7b1d6/resources/app/out/vs/workbench/api/node/extensionHostProcess.js:435:152416)
    at i._remoteCall (file:///c:/Users/91852/AppData/Local/Programs/Microsoft%20VS%20Code/e4c7e7b1d6/resources/app/out/vs/workbench/api/node/extensionHostProcess.js:435:158468)
    at Proxy.r.<computed>.s.charCodeAt.r.<computed> (file:///c:/Users/91852/AppData/Local/Programs/Microsoft%20VS%20Code/e4c7e7b1d6/resources/app/out/vs/workbench/api/node/extensionHostProcess.js:435:155263)
    at jg._doExecuteCommand (file:///c:/Users/91852/AppData/Local/Programs/Microsoft%20VS%20Code/e4c7e7b1d6/resources/app/out/vs/workbench/api/node/extensionHostProcess.js:535:48252)
    at jg.executeCommand (file:///c:/Users/91852/AppData/Local/Programs/Microsoft%20VS%20Code/e4c7e7b1d6/resources/app/out/vs/workbench/api/node/extensionHostProcess.js:535:47699)
    at Object.executeCommand (file:///c:/Users/91852/AppData/Local/Programs/Microsoft%20VS%20Code/e4c7e7b1d6/resources/app/out/vs/workbench/api/node/extensionHostProcess.js:673:138438)
    at closeEntirePythagoraExtension (c:\Users\91852\.vscode\extensions\pythagoratechnologies.pythagora-vs-code-2.6.19\out\extension.js:542:31)
    at Object.deactivate (c:\Users\91852\.vscode\extensions\pythagoratechnologies.pythagora-vs-code-2.6.19\out\extension.js:409:15)
    at g_._deactivate (file:///c:/Users/91852/AppData/Local/Programs/Microsoft%20VS%20Code/e4c7e7b1d6/resources/app/out/vs/workbench/api/node/extensionHostProcess.js:539:14930)
    at file:///c:/Users/91852/AppData/Local/Programs/Microsoft%20VS%20Code/e4c7e7b1d6/resources/app/out/vs/workbench/api/node/extensionHostProcess.js:539:12457
    at Array.map (<anonymous>)
    at g_._deactivateAll (file:///c:/Users/91852/AppData/Local/Programs/Microsoft%20VS%20Code/e4c7e7b1d6/resources/app/out/vs/workbench/api/node/extensionHostProcess.js:539:12445)
    at g_.terminate (file:///c:/Users/91852/AppData/Local/Programs/Microsoft%20VS%20Code/e4c7e7b1d6/resources/app/out/vs/workbench/api/node/extensionHostProcess.js:539:12796)
    at i.terminate (file:///c:/Users/91852/AppData/Local/Programs/Microsoft%20VS%20Code/e4c7e7b1d6/resources/app/out/vs/workbench/api/node/extensionHostProcess.js:541:1072)
    at da (file:///c:/Users/91852/AppData/Local/Programs/Microsoft%20VS%20Code/e4c7e7b1d6/resources/app/out/vs/workbench/api/node/extensionHostProcess.js:852:11797)
    at Pp.value (file:///c:/Users/91852/AppData/Local/Programs/Microsoft%20VS%20Code/e4c7e7b1d6/resources/app/out/vs/workbench/api/node/extensionHostProcess.js:852:9939)
    at T._deliver (file:///c:/Users/91852/AppData/Local/Programs/Microsoft%20VS%20Code/e4c7e7b1d6/resources/app/out/vs/workbench/api/node/extensionHostProcess.js:431:3244)
    at T.fire (file:///c:/Users/91852/AppData/Local/Programs/Microsoft%20VS%20Code/e4c7e7b1d6/resources/app/out/vs/workbench/api/node/extensionHostProcess.js:431:3562)
    at fs.fire (file:///c:/Users/91852/AppData/Local/Programs/Microsoft%20VS%20Code/e4c7e7b1d6/resources/app/out/vs/workbench/api/node/extensionHostProcess.js:433:8509)
    at MessagePortMain.<anonymous> (file:///c:/Users/91852/AppData/Local/Programs/Microsoft%20VS%20Code/e4c7e7b1d6/resources/app/out/vs/workbench/api/node/extensionHostProcess.js:852:8171)
    at MessagePortMain.emit (node:events:509:28)
    at Object.emit (node:electron/js2c/utility_init:2:2934)
Extra context: {
  "message": "Canceled"
}
2026-08-01T10:37:14.397Z INFO Is remote: false
2026-08-01T10:37:14.398Z INFO Starting Local. Installation path: c:\Users\91852\Desktop\qick parctice challeges\css\DAY 7
2026-08-01T10:37:14.398Z INFO [MainProvider] Creating new MainProvider instance...
2026-08-01T10:37:14.399Z INFO [TabsManager] Code view listener set up at initialization
2026-08-01T10:37:14.399Z INFO Installation path exists: c:\Users\91852\Desktop\qick parctice challeges\css\DAY 7
2026-08-01T10:37:14.400Z INFO Initializing database with URL: file:c:\Users\91852\Desktop\qick parctice challeges\css\DAY 7\pythagora-core\data\database\pythagora.db
2026-08-01T10:37:14.402Z INFO Database file exists, skipping prisma generate/push for faster startup
2026-08-01T10:37:14.402Z INFO Database initialized successfully
2026-08-01T10:37:14.403Z INFO [Migration] Checking for database migration...
2026-08-01T10:37:14.722Z INFO [Migration] No migration needed
2026-08-01T10:40:56.642Z INFO [TabsManager] First file opened, triggering split view
2026-08-01T10:40:56.643Z INFO [MainProvider] First file opened, creating split view
2026-08-01T10:41:01.738Z INFO [TabsManager] First file opened, triggering split view
2026-08-01T10:41:01.738Z INFO [MainProvider] First file opened, creating split view
2026-08-01T10:41:04.744Z INFO [TabsManager] First file opened, triggering split view
2026-08-01T10:41:04.744Z INFO [MainProvider] First file opened, creating split view
2026-08-01T10:41:24.494Z INFO [TabsManager] First file opened, triggering split view
2026-08-01T10:41:24.495Z INFO [MainProvider] First file opened, creating split view
2026-08-01T10:42:51.885Z INFO Closing entire Pythagora extension...
2026-08-01T10:42:51.889Z ERROR Error closing extension
Error: Canceled
Stack: Canceled: Canceled
    at new Fx (file:///c:/Users/91852/AppData/Local/Programs/Microsoft%20VS%20Code/e4c7e7b1d6/resources/app/out/vs/workbench/api/node/extensionHostProcess.js:435:152416)
    at i._remoteCall (file:///c:/Users/91852/AppData/Local/Programs/Microsoft%20VS%20Code/e4c7e7b1d6/resources/app/out/vs/workbench/api/node/extensionHostProcess.js:435:158468)
    at Proxy.r.<computed>.s.charCodeAt.r.<computed> (file:///c:/Users/91852/AppData/Local/Programs/Microsoft%20VS%20Code/e4c7e7b1d6/resources/app/out/vs/workbench/api/node/extensionHostProcess.js:435:155263)
    at jg._doExecuteCommand (file:///c:/Users/91852/AppData/Local/Programs/Microsoft%20VS%20Code/e4c7e7b1d6/resources/app/out/vs/workbench/api/node/extensionHostProcess.js:535:48252)
    at jg.executeCommand (file:///c:/Users/91852/AppData/Local/Programs/Microsoft%20VS%20Code/e4c7e7b1d6/resources/app/out/vs/workbench/api/node/extensionHostProcess.js:535:47699)
    at Object.executeCommand (file:///c:/Users/91852/AppData/Local/Programs/Microsoft%20VS%20Code/e4c7e7b1d6/resources/app/out/vs/workbench/api/node/extensionHostProcess.js:673:138438)
    at closeEntirePythagoraExtension (c:\Users\91852\.vscode\extensions\pythagoratechnologies.pythagora-vs-code-2.6.19\out\extension.js:542:31)
    at Object.deactivate (c:\Users\91852\.vscode\extensions\pythagoratechnologies.pythagora-vs-code-2.6.19\out\extension.js:409:15)
    at g_._deactivate (file:///c:/Users/91852/AppData/Local/Programs/Microsoft%20VS%20Code/e4c7e7b1d6/resources/app/out/vs/workbench/api/node/extensionHostProcess.js:539:14930)
    at file:///c:/Users/91852/AppData/Local/Programs/Microsoft%20VS%20Code/e4c7e7b1d6/resources/app/out/vs/workbench/api/node/extensionHostProcess.js:539:12457
    at Array.map (<anonymous>)
    at g_._deactivateAll (file:///c:/Users/91852/AppData/Local/Programs/Microsoft%20VS%20Code/e4c7e7b1d6/resources/app/out/vs/workbench/api/node/extensionHostProcess.js:539:12445)
    at g_.terminate (file:///c:/Users/91852/AppData/Local/Programs/Microsoft%20VS%20Code/e4c7e7b1d6/resources/app/out/vs/workbench/api/node/extensionHostProcess.js:539:12796)
    at i.terminate (file:///c:/Users/91852/AppData/Local/Programs/Microsoft%20VS%20Code/e4c7e7b1d6/resources/app/out/vs/workbench/api/node/extensionHostProcess.js:541:1072)
    at da (file:///c:/Users/91852/AppData/Local/Programs/Microsoft%20VS%20Code/e4c7e7b1d6/resources/app/out/vs/workbench/api/node/extensionHostProcess.js:852:11797)
    at Pp.value (file:///c:/Users/91852/AppData/Local/Programs/Microsoft%20VS%20Code/e4c7e7b1d6/resources/app/out/vs/workbench/api/node/extensionHostProcess.js:852:9939)
    at T._deliver (file:///c:/Users/91852/AppData/Local/Programs/Microsoft%20VS%20Code/e4c7e7b1d6/resources/app/out/vs/workbench/api/node/extensionHostProcess.js:431:3244)
    at T.fire (file:///c:/Users/91852/AppData/Local/Programs/Microsoft%20VS%20Code/e4c7e7b1d6/resources/app/out/vs/workbench/api/node/extensionHostProcess.js:431:3562)
    at fs.fire (file:///c:/Users/91852/AppData/Local/Programs/Microsoft%20VS%20Code/e4c7e7b1d6/resources/app/out/vs/workbench/api/node/extensionHostProcess.js:433:8509)
    at MessagePortMain.<anonymous> (file:///c:/Users/91852/AppData/Local/Programs/Microsoft%20VS%20Code/e4c7e7b1d6/resources/app/out/vs/workbench/api/node/extensionHostProcess.js:852:8171)
    at MessagePortMain.emit (node:events:509:28)
    at Object.emit (node:electron/js2c/utility_init:2:2934)
Extra context: {
  "message": "Canceled"
}
2026-08-01T10:43:02.464Z INFO Is remote: false
2026-08-01T10:43:02.465Z INFO Starting Local. Installation path: c:\Users\91852\Desktop\qick parctice challeges\css\DAY 7
2026-08-01T10:43:02.466Z INFO [MainProvider] Creating new MainProvider instance...
2026-08-01T10:43:02.467Z INFO [TabsManager] Code view listener set up at initialization
2026-08-01T10:43:02.468Z INFO Installation path exists: c:\Users\91852\Desktop\qick parctice challeges\css\DAY 7
2026-08-01T10:43:02.470Z INFO Initializing database with URL: file:c:\Users\91852\Desktop\qick parctice challeges\css\DAY 7\pythagora-core\data\database\pythagora.db
2026-08-01T10:43:02.472Z INFO Database file exists, skipping prisma generate/push for faster startup
2026-08-01T10:43:02.473Z INFO Database initialized successfully
2026-08-01T10:43:02.474Z INFO [Migration] Checking for database migration...
2026-08-01T10:43:02.879Z INFO [Migration] No migration needed
2026-08-01T10:44:16.443Z INFO [TabsManager] First file opened, triggering split view
2026-08-01T10:44:16.444Z INFO [MainProvider] First file opened, creating split view
2026-08-01T10:44:19.251Z INFO [TabsManager] First file opened, triggering split view
2026-08-01T10:44:19.251Z INFO [MainProvider] First file opened, creating split view
2026-08-01T10:44:21.545Z INFO [TabsManager] First file opened, triggering split view
2026-08-01T10:44:21.546Z INFO [MainProvider] First file opened, creating split view
2026-08-01T10:44:41.661Z INFO [TabsManager] First file opened, triggering split view
2026-08-01T10:44:41.661Z INFO [MainProvider] First file opened, creating split view
2026-08-01T10:44:55.946Z INFO [TabsManager] First file opened, triggering split view
2026-08-01T10:44:55.946Z INFO [MainProvider] First file opened, creating split view
2026-08-01T10:45:05.538Z INFO Closing entire Pythagora extension...
2026-08-01T10:45:05.544Z ERROR Error closing extension
Error: Canceled
Stack: Canceled: Canceled
    at new Fx (file:///c:/Users/91852/AppData/Local/Programs/Microsoft%20VS%20Code/e4c7e7b1d6/resources/app/out/vs/workbench/api/node/extensionHostProcess.js:435:152416)
    at i._remoteCall (file:///c:/Users/91852/AppData/Local/Programs/Microsoft%20VS%20Code/e4c7e7b1d6/resources/app/out/vs/workbench/api/node/extensionHostProcess.js:435:158468)
    at Proxy.r.<computed>.s.charCodeAt.r.<computed> (file:///c:/Users/91852/AppData/Local/Programs/Microsoft%20VS%20Code/e4c7e7b1d6/resources/app/out/vs/workbench/api/node/extensionHostProcess.js:435:155263)
    at jg._doExecuteCommand (file:///c:/Users/91852/AppData/Local/Programs/Microsoft%20VS%20Code/e4c7e7b1d6/resources/app/out/vs/workbench/api/node/extensionHostProcess.js:535:48252)
    at jg.executeCommand (file:///c:/Users/91852/AppData/Local/Programs/Microsoft%20VS%20Code/e4c7e7b1d6/resources/app/out/vs/workbench/api/node/extensionHostProcess.js:535:47699)
    at Object.executeCommand (file:///c:/Users/91852/AppData/Local/Programs/Microsoft%20VS%20Code/e4c7e7b1d6/resources/app/out/vs/workbench/api/node/extensionHostProcess.js:673:138438)
    at closeEntirePythagoraExtension (c:\Users\91852\.vscode\extensions\pythagoratechnologies.pythagora-vs-code-2.6.19\out\extension.js:542:31)
    at Object.deactivate (c:\Users\91852\.vscode\extensions\pythagoratechnologies.pythagora-vs-code-2.6.19\out\extension.js:409:15)
    at g_._deactivate (file:///c:/Users/91852/AppData/Local/Programs/Microsoft%20VS%20Code/e4c7e7b1d6/resources/app/out/vs/workbench/api/node/extensionHostProcess.js:539:14930)
    at file:///c:/Users/91852/AppData/Local/Programs/Microsoft%20VS%20Code/e4c7e7b1d6/resources/app/out/vs/workbench/api/node/extensionHostProcess.js:539:12457
    at Array.map (<anonymous>)
    at g_._deactivateAll (file:///c:/Users/91852/AppData/Local/Programs/Microsoft%20VS%20Code/e4c7e7b1d6/resources/app/out/vs/workbench/api/node/extensionHostProcess.js:539:12445)
    at g_.terminate (file:///c:/Users/91852/AppData/Local/Programs/Microsoft%20VS%20Code/e4c7e7b1d6/resources/app/out/vs/workbench/api/node/extensionHostProcess.js:539:12796)
    at i.terminate (file:///c:/Users/91852/AppData/Local/Programs/Microsoft%20VS%20Code/e4c7e7b1d6/resources/app/out/vs/workbench/api/node/extensionHostProcess.js:541:1072)
    at da (file:///c:/Users/91852/AppData/Local/Programs/Microsoft%20VS%20Code/e4c7e7b1d6/resources/app/out/vs/workbench/api/node/extensionHostProcess.js:852:11797)
    at Pp.value (file:///c:/Users/91852/AppData/Local/Programs/Microsoft%20VS%20Code/e4c7e7b1d6/resources/app/out/vs/workbench/api/node/extensionHostProcess.js:852:9939)
    at T._deliver (file:///c:/Users/91852/AppData/Local/Programs/Microsoft%20VS%20Code/e4c7e7b1d6/resources/app/out/vs/workbench/api/node/extensionHostProcess.js:431:3244)
    at T.fire (file:///c:/Users/91852/AppData/Local/Programs/Microsoft%20VS%20Code/e4c7e7b1d6/resources/app/out/vs/workbench/api/node/extensionHostProcess.js:431:3562)
    at fs.fire (file:///c:/Users/91852/AppData/Local/Programs/Microsoft%20VS%20Code/e4c7e7b1d6/resources/app/out/vs/workbench/api/node/extensionHostProcess.js:433:8509)
    at MessagePortMain.<anonymous> (file:///c:/Users/91852/AppData/Local/Programs/Microsoft%20VS%20Code/e4c7e7b1d6/resources/app/out/vs/workbench/api/node/extensionHostProcess.js:852:8171)
    at MessagePortMain.emit (node:events:509:28)
    at Object.emit (node:electron/js2c/utility_init:2:2934)
Extra context: {
  "message": "Canceled"
}
2026-08-01T10:48:30.596Z INFO Is remote: false
2026-08-01T10:48:30.597Z INFO Starting Local. Installation path: c:\Users\91852\Desktop\qick parctice challeges\css\DAY 7
2026-08-01T10:48:30.597Z INFO [MainProvider] Creating new MainProvider instance...
2026-08-01T10:48:30.598Z INFO [TabsManager] Code view listener set up at initialization
2026-08-01T10:48:30.599Z INFO Installation path exists: c:\Users\91852\Desktop\qick parctice challeges\css\DAY 7
2026-08-01T10:48:30.600Z INFO Initializing database with URL: file:c:\Users\91852\Desktop\qick parctice challeges\css\DAY 7\pythagora-core\data\database\pythagora.db
2026-08-01T10:48:30.602Z INFO Database file exists, skipping prisma generate/push for faster startup
2026-08-01T10:48:30.602Z INFO Database initialized successfully
2026-08-01T10:48:30.603Z INFO [Migration] Checking for database migration...
2026-08-01T10:48:36.522Z INFO [Migration] No migration needed
2026-08-01T10:48:41.552Z INFO [TabsManager] First file opened, triggering split view
2026-08-01T10:48:41.552Z INFO [MainProvider] First file opened, creating split view
2026-08-01T10:48:47.407Z INFO [TabsManager] First file opened, triggering split view
2026-08-01T10:48:47.408Z INFO [MainProvider] First file opened, creating split view
2026-08-01T10:50:43.358Z INFO Closing entire Pythagora extension...
2026-08-01T10:50:43.362Z ERROR Error closing extension
Error: Canceled
Stack: Canceled: Canceled
    at new Fx (file:///c:/Users/91852/AppData/Local/Programs/Microsoft%20VS%20Code/e4c7e7b1d6/resources/app/out/vs/workbench/api/node/extensionHostProcess.js:435:152416)
    at i._remoteCall (file:///c:/Users/91852/AppData/Local/Programs/Microsoft%20VS%20Code/e4c7e7b1d6/resources/app/out/vs/workbench/api/node/extensionHostProcess.js:435:158468)
    at Proxy.r.<computed>.s.charCodeAt.r.<computed> (file:///c:/Users/91852/AppData/Local/Programs/Microsoft%20VS%20Code/e4c7e7b1d6/resources/app/out/vs/workbench/api/node/extensionHostProcess.js:435:155263)
    at jg._doExecuteCommand (file:///c:/Users/91852/AppData/Local/Programs/Microsoft%20VS%20Code/e4c7e7b1d6/resources/app/out/vs/workbench/api/node/extensionHostProcess.js:535:48252)
    at jg.executeCommand (file:///c:/Users/91852/AppData/Local/Programs/Microsoft%20VS%20Code/e4c7e7b1d6/resources/app/out/vs/workbench/api/node/extensionHostProcess.js:535:47699)
    at Object.executeCommand (file:///c:/Users/91852/AppData/Local/Programs/Microsoft%20VS%20Code/e4c7e7b1d6/resources/app/out/vs/workbench/api/node/extensionHostProcess.js:673:138438)
    at closeEntirePythagoraExtension (c:\Users\91852\.vscode\extensions\pythagoratechnologies.pythagora-vs-code-2.6.19\out\extension.js:542:31)
    at Object.deactivate (c:\Users\91852\.vscode\extensions\pythagoratechnologies.pythagora-vs-code-2.6.19\out\extension.js:409:15)
    at g_._deactivate (file:///c:/Users/91852/AppData/Local/Programs/Microsoft%20VS%20Code/e4c7e7b1d6/resources/app/out/vs/workbench/api/node/extensionHostProcess.js:539:14930)
    at file:///c:/Users/91852/AppData/Local/Programs/Microsoft%20VS%20Code/e4c7e7b1d6/resources/app/out/vs/workbench/api/node/extensionHostProcess.js:539:12457
    at Array.map (<anonymous>)
    at g_._deactivateAll (file:///c:/Users/91852/AppData/Local/Programs/Microsoft%20VS%20Code/e4c7e7b1d6/resources/app/out/vs/workbench/api/node/extensionHostProcess.js:539:12445)
    at g_.terminate (file:///c:/Users/91852/AppData/Local/Programs/Microsoft%20VS%20Code/e4c7e7b1d6/resources/app/out/vs/workbench/api/node/extensionHostProcess.js:539:12796)
    at i.terminate (file:///c:/Users/91852/AppData/Local/Programs/Microsoft%20VS%20Code/e4c7e7b1d6/resources/app/out/vs/workbench/api/node/extensionHostProcess.js:541:1072)
    at da (file:///c:/Users/91852/AppData/Local/Programs/Microsoft%20VS%20Code/e4c7e7b1d6/resources/app/out/vs/workbench/api/node/extensionHostProcess.js:852:11797)
    at Pp.value (file:///c:/Users/91852/AppData/Local/Programs/Microsoft%20VS%20Code/e4c7e7b1d6/resources/app/out/vs/workbench/api/node/extensionHostProcess.js:852:9939)
    at T._deliver (file:///c:/Users/91852/AppData/Local/Programs/Microsoft%20VS%20Code/e4c7e7b1d6/resources/app/out/vs/workbench/api/node/extensionHostProcess.js:431:3244)
    at T.fire (file:///c:/Users/91852/AppData/Local/Programs/Microsoft%20VS%20Code/e4c7e7b1d6/resources/app/out/vs/workbench/api/node/extensionHostProcess.js:431:3562)
    at fs.fire (file:///c:/Users/91852/AppData/Local/Programs/Microsoft%20VS%20Code/e4c7e7b1d6/resources/app/out/vs/workbench/api/node/extensionHostProcess.js:433:8509)
    at MessagePortMain.<anonymous> (file:///c:/Users/91852/AppData/Local/Programs/Microsoft%20VS%20Code/e4c7e7b1d6/resources/app/out/vs/workbench/api/node/extensionHostProcess.js:852:8171)
    at MessagePortMain.emit (node:events:509:28)
    at Object.emit (node:electron/js2c/utility_init:2:2934)
Extra context: {
  "message": "Canceled"
}
2026-08-01T10:51:29.565Z INFO Is remote: false
2026-08-01T10:51:29.566Z INFO Starting Local. Installation path: c:\Users\91852\Desktop\qick parctice challeges\css\DAY 7
2026-08-01T10:51:29.566Z INFO [MainProvider] Creating new MainProvider instance...
2026-08-01T10:51:29.567Z INFO [TabsManager] Code view listener set up at initialization
2026-08-01T10:51:29.568Z INFO Installation path exists: c:\Users\91852\Desktop\qick parctice challeges\css\DAY 7
2026-08-01T10:51:29.569Z INFO Initializing database with URL: file:c:\Users\91852\Desktop\qick parctice challeges\css\DAY 7\pythagora-core\data\database\pythagora.db
2026-08-01T10:51:29.572Z INFO Database file exists, skipping prisma generate/push for faster startup
2026-08-01T10:51:29.573Z INFO Database initialized successfully
2026-08-01T10:51:29.573Z INFO [Migration] Checking for database migration...
2026-08-01T10:51:34.973Z INFO [Migration] No migration needed
2026-08-01T10:55:34.730Z INFO [TabsManager] First file opened, triggering split view
2026-08-01T10:55:34.731Z INFO [MainProvider] First file opened, creating split view
2026-08-01T10:55:37.264Z INFO [TabsManager] First file opened, triggering split view
2026-08-01T10:55:37.264Z INFO [MainProvider] First file opened, creating split view
2026-08-01T11:00:48.407Z INFO Closing entire Pythagora extension...
2026-08-01T11:00:48.413Z ERROR Error closing extension
Error: Canceled
Stack: Canceled: Canceled
    at new Fx (file:///c:/Users/91852/AppData/Local/Programs/Microsoft%20VS%20Code/e4c7e7b1d6/resources/app/out/vs/workbench/api/node/extensionHostProcess.js:435:152416)
    at i._remoteCall (file:///c:/Users/91852/AppData/Local/Programs/Microsoft%20VS%20Code/e4c7e7b1d6/resources/app/out/vs/workbench/api/node/extensionHostProcess.js:435:158468)
    at Proxy.r.<computed>.s.charCodeAt.r.<computed> (file:///c:/Users/91852/AppData/Local/Programs/Microsoft%20VS%20Code/e4c7e7b1d6/resources/app/out/vs/workbench/api/node/extensionHostProcess.js:435:155263)
    at jg._doExecuteCommand (file:///c:/Users/91852/AppData/Local/Programs/Microsoft%20VS%20Code/e4c7e7b1d6/resources/app/out/vs/workbench/api/node/extensionHostProcess.js:535:48252)
    at jg.executeCommand (file:///c:/Users/91852/AppData/Local/Programs/Microsoft%20VS%20Code/e4c7e7b1d6/resources/app/out/vs/workbench/api/node/extensionHostProcess.js:535:47699)
    at Object.executeCommand (file:///c:/Users/91852/AppData/Local/Programs/Microsoft%20VS%20Code/e4c7e7b1d6/resources/app/out/vs/workbench/api/node/extensionHostProcess.js:673:138438)
    at closeEntirePythagoraExtension (c:\Users\91852\.vscode\extensions\pythagoratechnologies.pythagora-vs-code-2.6.19\out\extension.js:542:31)
    at Object.deactivate (c:\Users\91852\.vscode\extensions\pythagoratechnologies.pythagora-vs-code-2.6.19\out\extension.js:409:15)
    at g_._deactivate (file:///c:/Users/91852/AppData/Local/Programs/Microsoft%20VS%20Code/e4c7e7b1d6/resources/app/out/vs/workbench/api/node/extensionHostProcess.js:539:14930)
    at file:///c:/Users/91852/AppData/Local/Programs/Microsoft%20VS%20Code/e4c7e7b1d6/resources/app/out/vs/workbench/api/node/extensionHostProcess.js:539:12457
    at Array.map (<anonymous>)
    at g_._deactivateAll (file:///c:/Users/91852/AppData/Local/Programs/Microsoft%20VS%20Code/e4c7e7b1d6/resources/app/out/vs/workbench/api/node/extensionHostProcess.js:539:12445)
    at g_.terminate (file:///c:/Users/91852/AppData/Local/Programs/Microsoft%20VS%20Code/e4c7e7b1d6/resources/app/out/vs/workbench/api/node/extensionHostProcess.js:539:12796)
    at i.terminate (file:///c:/Users/91852/AppData/Local/Programs/Microsoft%20VS%20Code/e4c7e7b1d6/resources/app/out/vs/workbench/api/node/extensionHostProcess.js:541:1072)
    at da (file:///c:/Users/91852/AppData/Local/Programs/Microsoft%20VS%20Code/e4c7e7b1d6/resources/app/out/vs/workbench/api/node/extensionHostProcess.js:852:11797)
    at Pp.value (file:///c:/Users/91852/AppData/Local/Programs/Microsoft%20VS%20Code/e4c7e7b1d6/resources/app/out/vs/workbench/api/node/extensionHostProcess.js:852:9939)
    at T._deliver (file:///c:/Users/91852/AppData/Local/Programs/Microsoft%20VS%20Code/e4c7e7b1d6/resources/app/out/vs/workbench/api/node/extensionHostProcess.js:431:3244)
    at T.fire (file:///c:/Users/91852/AppData/Local/Programs/Microsoft%20VS%20Code/e4c7e7b1d6/resources/app/out/vs/workbench/api/node/extensionHostProcess.js:431:3562)
    at fs.fire (file:///c:/Users/91852/AppData/Local/Programs/Microsoft%20VS%20Code/e4c7e7b1d6/resources/app/out/vs/workbench/api/node/extensionHostProcess.js:433:8509)
    at MessagePortMain.<anonymous> (file:///c:/Users/91852/AppData/Local/Programs/Microsoft%20VS%20Code/e4c7e7b1d6/resources/app/out/vs/workbench/api/node/extensionHostProcess.js:852:8171)
    at MessagePortMain.emit (node:events:509:28)
    at Object.emit (node:electron/js2c/utility_init:2:2934)
Extra context: {
  "message": "Canceled"
}
2026-08-01T11:01:04.301Z INFO Is remote: false
2026-08-01T11:01:04.301Z INFO Starting Local. Installation path: c:\Users\91852\Desktop\qick parctice challeges\css\DAY 7
2026-08-01T11:01:04.302Z INFO [MainProvider] Creating new MainProvider instance...
2026-08-01T11:01:04.302Z INFO [TabsManager] Code view listener set up at initialization
2026-08-01T11:01:04.303Z INFO Installation path exists: c:\Users\91852\Desktop\qick parctice challeges\css\DAY 7
2026-08-01T11:01:04.303Z INFO Initializing database with URL: file:c:\Users\91852\Desktop\qick parctice challeges\css\DAY 7\pythagora-core\data\database\pythagora.db
2026-08-01T11:01:04.305Z INFO Database file exists, skipping prisma generate/push for faster startup
2026-08-01T11:01:04.305Z INFO Database initialized successfully
2026-08-01T11:01:04.306Z INFO [Migration] Checking for database migration...
2026-08-01T11:01:09.162Z INFO [Migration] No migration needed
2026-08-01T11:01:09.415Z INFO [TabsManager] First file opened, triggering split view
2026-08-01T11:01:09.415Z INFO [MainProvider] First file opened, creating split view
2026-08-01T11:01:13.668Z INFO [TabsManager] First file opened, triggering split view
2026-08-01T11:01:13.669Z INFO [MainProvider] First file opened, creating split view
2026-08-01T11:10:33.572Z INFO Closing entire Pythagora extension...
2026-08-01T11:10:33.576Z ERROR Error closing extension
Error: Canceled
Stack: Canceled: Canceled
    at new Fx (file:///c:/Users/91852/AppData/Local/Programs/Microsoft%20VS%20Code/e4c7e7b1d6/resources/app/out/vs/workbench/api/node/extensionHostProcess.js:435:152416)
    at i._remoteCall (file:///c:/Users/91852/AppData/Local/Programs/Microsoft%20VS%20Code/e4c7e7b1d6/resources/app/out/vs/workbench/api/node/extensionHostProcess.js:435:158468)
    at Proxy.r.<computed>.s.charCodeAt.r.<computed> (file:///c:/Users/91852/AppData/Local/Programs/Microsoft%20VS%20Code/e4c7e7b1d6/resources/app/out/vs/workbench/api/node/extensionHostProcess.js:435:155263)
    at jg._doExecuteCommand (file:///c:/Users/91852/AppData/Local/Programs/Microsoft%20VS%20Code/e4c7e7b1d6/resources/app/out/vs/workbench/api/node/extensionHostProcess.js:535:48252)
    at jg.executeCommand (file:///c:/Users/91852/AppData/Local/Programs/Microsoft%20VS%20Code/e4c7e7b1d6/resources/app/out/vs/workbench/api/node/extensionHostProcess.js:535:47699)
    at Object.executeCommand (file:///c:/Users/91852/AppData/Local/Programs/Microsoft%20VS%20Code/e4c7e7b1d6/resources/app/out/vs/workbench/api/node/extensionHostProcess.js:673:138438)
    at closeEntirePythagoraExtension (c:\Users\91852\.vscode\extensions\pythagoratechnologies.pythagora-vs-code-2.6.19\out\extension.js:542:31)
    at Object.deactivate (c:\Users\91852\.vscode\extensions\pythagoratechnologies.pythagora-vs-code-2.6.19\out\extension.js:409:15)
    at g_._deactivate (file:///c:/Users/91852/AppData/Local/Programs/Microsoft%20VS%20Code/e4c7e7b1d6/resources/app/out/vs/workbench/api/node/extensionHostProcess.js:539:14930)
    at file:///c:/Users/91852/AppData/Local/Programs/Microsoft%20VS%20Code/e4c7e7b1d6/resources/app/out/vs/workbench/api/node/extensionHostProcess.js:539:12457
    at Array.map (<anonymous>)
    at g_._deactivateAll (file:///c:/Users/91852/AppData/Local/Programs/Microsoft%20VS%20Code/e4c7e7b1d6/resources/app/out/vs/workbench/api/node/extensionHostProcess.js:539:12445)
    at g_.terminate (file:///c:/Users/91852/AppData/Local/Programs/Microsoft%20VS%20Code/e4c7e7b1d6/resources/app/out/vs/workbench/api/node/extensionHostProcess.js:539:12796)
    at i.terminate (file:///c:/Users/91852/AppData/Local/Programs/Microsoft%20VS%20Code/e4c7e7b1d6/resources/app/out/vs/workbench/api/node/extensionHostProcess.js:541:1072)
    at da (file:///c:/Users/91852/AppData/Local/Programs/Microsoft%20VS%20Code/e4c7e7b1d6/resources/app/out/vs/workbench/api/node/extensionHostProcess.js:852:11797)
    at Pp.value (file:///c:/Users/91852/AppData/Local/Programs/Microsoft%20VS%20Code/e4c7e7b1d6/resources/app/out/vs/workbench/api/node/extensionHostProcess.js:852:9939)
    at T._deliver (file:///c:/Users/91852/AppData/Local/Programs/Microsoft%20VS%20Code/e4c7e7b1d6/resources/app/out/vs/workbench/api/node/extensionHostProcess.js:431:3244)
    at T.fire (file:///c:/Users/91852/AppData/Local/Programs/Microsoft%20VS%20Code/e4c7e7b1d6/resources/app/out/vs/workbench/api/node/extensionHostProcess.js:431:3562)
    at fs.fire (file:///c:/Users/91852/AppData/Local/Programs/Microsoft%20VS%20Code/e4c7e7b1d6/resources/app/out/vs/workbench/api/node/extensionHostProcess.js:433:8509)
    at MessagePortMain.<anonymous> (file:///c:/Users/91852/AppData/Local/Programs/Microsoft%20VS%20Code/e4c7e7b1d6/resources/app/out/vs/workbench/api/node/extensionHostProcess.js:852:8171)
    at MessagePortMain.emit (node:events:509:28)
    at Object.emit (node:electron/js2c/utility_init:2:2934)
Extra context: {
  "message": "Canceled"
}
2026-08-04T05:56:50.555Z INFO Is remote: false
2026-08-04T05:56:50.556Z INFO Starting Local. Installation path: c:\Users\91852\Desktop\qick parctice challeges\css\DAY 7
2026-08-04T05:56:50.557Z INFO [MainProvider] Creating new MainProvider instance...
2026-08-04T05:56:50.557Z INFO [TabsManager] Code view listener set up at initialization
2026-08-04T05:56:50.558Z INFO Installation path exists: c:\Users\91852\Desktop\qick parctice challeges\css\DAY 7
2026-08-04T05:56:50.559Z INFO Initializing database with URL: file:c:\Users\91852\Desktop\qick parctice challeges\css\DAY 7\pythagora-core\data\database\pythagora.db
2026-08-04T05:56:50.561Z INFO Database file exists, skipping prisma generate/push for faster startup
2026-08-04T05:56:50.561Z INFO Database initialized successfully
2026-08-04T05:56:50.562Z INFO [Migration] Checking for database migration...
2026-08-04T05:56:51.839Z INFO [Migration] No migration needed
2026-08-04T05:57:29.439Z INFO Closing entire Pythagora extension...
2026-08-04T05:57:29.443Z ERROR Error closing extension
Error: Canceled
Stack: Canceled: Canceled
    at new Fx (file:///c:/Users/91852/AppData/Local/Programs/Microsoft%20VS%20Code/e4c7e7b1d6/resources/app/out/vs/workbench/api/node/extensionHostProcess.js:435:152416)
    at i._remoteCall (file:///c:/Users/91852/AppData/Local/Programs/Microsoft%20VS%20Code/e4c7e7b1d6/resources/app/out/vs/workbench/api/node/extensionHostProcess.js:435:158468)
    at Proxy.r.<computed>.s.charCodeAt.r.<computed> (file:///c:/Users/91852/AppData/Local/Programs/Microsoft%20VS%20Code/e4c7e7b1d6/resources/app/out/vs/workbench/api/node/extensionHostProcess.js:435:155263)
    at jg._doExecuteCommand (file:///c:/Users/91852/AppData/Local/Programs/Microsoft%20VS%20Code/e4c7e7b1d6/resources/app/out/vs/workbench/api/node/extensionHostProcess.js:535:48252)
    at jg.executeCommand (file:///c:/Users/91852/AppData/Local/Programs/Microsoft%20VS%20Code/e4c7e7b1d6/resources/app/out/vs/workbench/api/node/extensionHostProcess.js:535:47699)
    at Object.executeCommand (file:///c:/Users/91852/AppData/Local/Programs/Microsoft%20VS%20Code/e4c7e7b1d6/resources/app/out/vs/workbench/api/node/extensionHostProcess.js:673:138438)
    at closeEntirePythagoraExtension (c:\Users\91852\.vscode\extensions\pythagoratechnologies.pythagora-vs-code-2.6.19\out\extension.js:542:31)
    at Object.deactivate (c:\Users\91852\.vscode\extensions\pythagoratechnologies.pythagora-vs-code-2.6.19\out\extension.js:409:15)
    at g_._deactivate (file:///c:/Users/91852/AppData/Local/Programs/Microsoft%20VS%20Code/e4c7e7b1d6/resources/app/out/vs/workbench/api/node/extensionHostProcess.js:539:14930)
    at file:///c:/Users/91852/AppData/Local/Programs/Microsoft%20VS%20Code/e4c7e7b1d6/resources/app/out/vs/workbench/api/node/extensionHostProcess.js:539:12457
    at Array.map (<anonymous>)
    at g_._deactivateAll (file:///c:/Users/91852/AppData/Local/Programs/Microsoft%20VS%20Code/e4c7e7b1d6/resources/app/out/vs/workbench/api/node/extensionHostProcess.js:539:12445)
    at g_.terminate (file:///c:/Users/91852/AppData/Local/Programs/Microsoft%20VS%20Code/e4c7e7b1d6/resources/app/out/vs/workbench/api/node/extensionHostProcess.js:539:12796)
    at i.terminate (file:///c:/Users/91852/AppData/Local/Programs/Microsoft%20VS%20Code/e4c7e7b1d6/resources/app/out/vs/workbench/api/node/extensionHostProcess.js:541:1072)
    at da (file:///c:/Users/91852/AppData/Local/Programs/Microsoft%20VS%20Code/e4c7e7b1d6/resources/app/out/vs/workbench/api/node/extensionHostProcess.js:852:11797)
    at Pp.value (file:///c:/Users/91852/AppData/Local/Programs/Microsoft%20VS%20Code/e4c7e7b1d6/resources/app/out/vs/workbench/api/node/extensionHostProcess.js:852:9939)
    at T._deliver (file:///c:/Users/91852/AppData/Local/Programs/Microsoft%20VS%20Code/e4c7e7b1d6/resources/app/out/vs/workbench/api/node/extensionHostProcess.js:431:3244)
    at T.fire (file:///c:/Users/91852/AppData/Local/Programs/Microsoft%20VS%20Code/e4c7e7b1d6/resources/app/out/vs/workbench/api/node/extensionHostProcess.js:431:3562)
    at fs.fire (file:///c:/Users/91852/AppData/Local/Programs/Microsoft%20VS%20Code/e4c7e7b1d6/resources/app/out/vs/workbench/api/node/extensionHostProcess.js:433:8509)
    at MessagePortMain.<anonymous> (file:///c:/Users/91852/AppData/Local/Programs/Microsoft%20VS%20Code/e4c7e7b1d6/resources/app/out/vs/workbench/api/node/extensionHostProcess.js:852:8171)
    at MessagePortMain.emit (node:events:509:28)
    at Object.emit (node:electron/js2c/utility_init:2:2934)
Extra context: {
  "message": "Canceled"
}
2026-08-20T10:46:12.055Z INFO Is remote: false
2026-08-20T10:46:12.057Z INFO Starting Local. Installation path: c:\Users\91852\Desktop\qick parctice challeges\css\DAY 7
2026-08-20T10:46:12.058Z INFO [MainProvider] Creating new MainProvider instance...
2026-08-20T10:46:12.059Z INFO [TabsManager] Code view listener set up at initialization
2026-08-20T10:46:12.060Z INFO Installation path exists: c:\Users\91852\Desktop\qick parctice challeges\css\DAY 7
2026-08-20T10:46:12.061Z INFO Initializing database with URL: file:c:\Users\91852\Desktop\qick parctice challeges\css\DAY 7\pythagora-core\data\database\pythagora.db
2026-08-20T10:46:12.066Z INFO Database file exists, skipping prisma generate/push for faster startup
2026-08-20T10:46:12.066Z INFO Database initialized successfully
2026-08-20T10:46:12.067Z INFO [Migration] Checking for database migration...
2026-08-20T10:46:12.614Z INFO [Migration] No migration needed
2026-08-20T10:46:23.055Z INFO Closing entire Pythagora extension...
2026-08-20T10:46:23.059Z ERROR Error closing extension
Error: Canceled
Stack: Canceled: Canceled
    at new jx (file:///c:/Users/91852/AppData/Local/Programs/Microsoft%20VS%20Code/a5b5009513/resources/app/out/vs/workbench/api/node/extensionHostProcess.js:435:152781)
    at i._remoteCall (file:///c:/Users/91852/AppData/Local/Programs/Microsoft%20VS%20Code/a5b5009513/resources/app/out/vs/workbench/api/node/extensionHostProcess.js:435:158865)
    at Proxy.r.<computed>.s.charCodeAt.r.<computed> (file:///c:/Users/91852/AppData/Local/Programs/Microsoft%20VS%20Code/a5b5009513/resources/app/out/vs/workbench/api/node/extensionHostProcess.js:435:155618)
    at af._doExecuteCommand (file:///c:/Users/91852/AppData/Local/Programs/Microsoft%20VS%20Code/a5b5009513/resources/app/out/vs/workbench/api/node/extensionHostProcess.js:544:48319)
    at af.executeCommand (file:///c:/Users/91852/AppData/Local/Programs/Microsoft%20VS%20Code/a5b5009513/resources/app/out/vs/workbench/api/node/extensionHostProcess.js:544:47766)
    at Object.executeCommand (file:///c:/Users/91852/AppData/Local/Programs/Microsoft%20VS%20Code/a5b5009513/resources/app/out/vs/workbench/api/node/extensionHostProcess.js:674:138903)
    at closeEntirePythagoraExtension (c:\Users\91852\.vscode\extensions\pythagoratechnologies.pythagora-vs-code-2.6.19\out\extension.js:542:31)
    at Object.deactivate (c:\Users\91852\.vscode\extensions\pythagoratechnologies.pythagora-vs-code-2.6.19\out\extension.js:409:15)
    at P_._deactivate (file:///c:/Users/91852/AppData/Local/Programs/Microsoft%20VS%20Code/a5b5009513/resources/app/out/vs/workbench/api/node/extensionHostProcess.js:548:14930)
    at file:///c:/Users/91852/AppData/Local/Programs/Microsoft%20VS%20Code/a5b5009513/resources/app/out/vs/workbench/api/node/extensionHostProcess.js:548:12457
    at Array.map (<anonymous>)
    at P_._deactivateAll (file:///c:/Users/91852/AppData/Local/Programs/Microsoft%20VS%20Code/a5b5009513/resources/app/out/vs/workbench/api/node/extensionHostProcess.js:548:12445)
    at P_.terminate (file:///c:/Users/91852/AppData/Local/Programs/Microsoft%20VS%20Code/a5b5009513/resources/app/out/vs/workbench/api/node/extensionHostProcess.js:548:12796)
    at i.terminate (file:///c:/Users/91852/AppData/Local/Programs/Microsoft%20VS%20Code/a5b5009513/resources/app/out/vs/workbench/api/node/extensionHostProcess.js:550:1072)
    at ua (file:///c:/Users/91852/AppData/Local/Programs/Microsoft%20VS%20Code/a5b5009513/resources/app/out/vs/workbench/api/node/extensionHostProcess.js:853:11797)
    at Mp.value (file:///c:/Users/91852/AppData/Local/Programs/Microsoft%20VS%20Code/a5b5009513/resources/app/out/vs/workbench/api/node/extensionHostProcess.js:853:9939)
    at T._deliver (file:///c:/Users/91852/AppData/Local/Programs/Microsoft%20VS%20Code/a5b5009513/resources/app/out/vs/workbench/api/node/extensionHostProcess.js:431:3617)
    at T.fire (file:///c:/Users/91852/AppData/Local/Programs/Microsoft%20VS%20Code/a5b5009513/resources/app/out/vs/workbench/api/node/extensionHostProcess.js:431:3935)
    at vs.fire (file:///c:/Users/91852/AppData/Local/Programs/Microsoft%20VS%20Code/a5b5009513/resources/app/out/vs/workbench/api/node/extensionHostProcess.js:433:8595)
    at MessagePortMain.<anonymous> (file:///c:/Users/91852/AppData/Local/Programs/Microsoft%20VS%20Code/a5b5009513/resources/app/out/vs/workbench/api/node/extensionHostProcess.js:853:8171)
    at MessagePortMain.emit (node:events:509:28)
    at Object.emit (node:electron/js2c/utility_init:2:2934)
Extra context: {
  "message": "Canceled"
}
2026-08-20T10:46:47.143Z INFO Is remote: false
2026-08-20T10:46:47.143Z INFO Starting Local. Installation path: c:\Users\91852\Desktop\qick parctice challeges\css\DAY 7
2026-08-20T10:46:47.144Z INFO [MainProvider] Creating new MainProvider instance...
2026-08-20T10:46:47.145Z INFO [TabsManager] Code view listener set up at initialization
2026-08-20T10:46:47.146Z INFO Installation path exists: c:\Users\91852\Desktop\qick parctice challeges\css\DAY 7
2026-08-20T10:46:47.146Z INFO Initializing database with URL: file:c:\Users\91852\Desktop\qick parctice challeges\css\DAY 7\pythagora-core\data\database\pythagora.db
2026-08-20T10:46:47.148Z INFO Database file exists, skipping prisma generate/push for faster startup
2026-08-20T10:46:47.149Z INFO Database initialized successfully
2026-08-20T10:46:47.150Z INFO [Migration] Checking for database migration...
2026-08-20T10:46:47.541Z INFO [Migration] No migration needed
2026-08-20T10:47:10.368Z INFO Closing entire Pythagora extension...
2026-08-20T10:47:10.372Z ERROR Error closing extension
Error: Canceled
Stack: Canceled: Canceled
    at new jx (file:///c:/Users/91852/AppData/Local/Programs/Microsoft%20VS%20Code/a5b5009513/resources/app/out/vs/workbench/api/node/extensionHostProcess.js:435:152781)
    at i._remoteCall (file:///c:/Users/91852/AppData/Local/Programs/Microsoft%20VS%20Code/a5b5009513/resources/app/out/vs/workbench/api/node/extensionHostProcess.js:435:158865)
    at Proxy.r.<computed>.s.charCodeAt.r.<computed> (file:///c:/Users/91852/AppData/Local/Programs/Microsoft%20VS%20Code/a5b5009513/resources/app/out/vs/workbench/api/node/extensionHostProcess.js:435:155618)
    at af._doExecuteCommand (file:///c:/Users/91852/AppData/Local/Programs/Microsoft%20VS%20Code/a5b5009513/resources/app/out/vs/workbench/api/node/extensionHostProcess.js:544:48319)
    at af.executeCommand (file:///c:/Users/91852/AppData/Local/Programs/Microsoft%20VS%20Code/a5b5009513/resources/app/out/vs/workbench/api/node/extensionHostProcess.js:544:47766)
    at Object.executeCommand (file:///c:/Users/91852/AppData/Local/Programs/Microsoft%20VS%20Code/a5b5009513/resources/app/out/vs/workbench/api/node/extensionHostProcess.js:674:138903)
    at closeEntirePythagoraExtension (c:\Users\91852\.vscode\extensions\pythagoratechnologies.pythagora-vs-code-2.6.19\out\extension.js:542:31)
    at Object.deactivate (c:\Users\91852\.vscode\extensions\pythagoratechnologies.pythagora-vs-code-2.6.19\out\extension.js:409:15)
    at P_._deactivate (file:///c:/Users/91852/AppData/Local/Programs/Microsoft%20VS%20Code/a5b5009513/resources/app/out/vs/workbench/api/node/extensionHostProcess.js:548:14930)
    at file:///c:/Users/91852/AppData/Local/Programs/Microsoft%20VS%20Code/a5b5009513/resources/app/out/vs/workbench/api/node/extensionHostProcess.js:548:12457
    at Array.map (<anonymous>)
    at P_._deactivateAll (file:///c:/Users/91852/AppData/Local/Programs/Microsoft%20VS%20Code/a5b5009513/resources/app/out/vs/workbench/api/node/extensionHostProcess.js:548:12445)
    at P_.terminate (file:///c:/Users/91852/AppData/Local/Programs/Microsoft%20VS%20Code/a5b5009513/resources/app/out/vs/workbench/api/node/extensionHostProcess.js:548:12796)
    at i.terminate (file:///c:/Users/91852/AppData/Local/Programs/Microsoft%20VS%20Code/a5b5009513/resources/app/out/vs/workbench/api/node/extensionHostProcess.js:550:1072)
    at ua (file:///c:/Users/91852/AppData/Local/Programs/Microsoft%20VS%20Code/a5b5009513/resources/app/out/vs/workbench/api/node/extensionHostProcess.js:853:11797)
    at Mp.value (file:///c:/Users/91852/AppData/Local/Programs/Microsoft%20VS%20Code/a5b5009513/resources/app/out/vs/workbench/api/node/extensionHostProcess.js:853:9939)
    at T._deliver (file:///c:/Users/91852/AppData/Local/Programs/Microsoft%20VS%20Code/a5b5009513/resources/app/out/vs/workbench/api/node/extensionHostProcess.js:431:3617)
    at T.fire (file:///c:/Users/91852/AppData/Local/Programs/Microsoft%20VS%20Code/a5b5009513/resources/app/out/vs/workbench/api/node/extensionHostProcess.js:431:3935)
    at vs.fire (file:///c:/Users/91852/AppData/Local/Programs/Microsoft%20VS%20Code/a5b5009513/resources/app/out/vs/workbench/api/node/extensionHostProcess.js:433:8595)
    at MessagePortMain.<anonymous> (file:///c:/Users/91852/AppData/Local/Programs/Microsoft%20VS%20Code/a5b5009513/resources/app/out/vs/workbench/api/node/extensionHostProcess.js:853:8171)
    at MessagePortMain.emit (node:events:509:28)
    at Object.emit (node:electron/js2c/utility_init:2:2934)
Extra context: {
  "message": "Canceled"
}
