2026-08-20T10:47:13.044Z INFO Is remote: false
2026-08-20T10:47:13.045Z INFO Starting Local. Installation path: c:\Users\91852\Desktop\qick parctice challeges\css\DAY 7
2026-08-20T10:47:13.045Z INFO [MainProvider] Creating new MainProvider instance...
2026-08-20T10:47:13.046Z INFO [TabsManager] Code view listener set up at initialization
2026-08-20T10:47:13.046Z INFO Installation path exists: c:\Users\91852\Desktop\qick parctice challeges\css\DAY 7
2026-08-20T10:47:13.047Z INFO Initializing database with URL: file:c:\Users\91852\Desktop\qick parctice challeges\css\DAY 7\pythagora-core\data\database\pythagora.db
2026-08-20T10:47:13.048Z INFO Database file exists, skipping prisma generate/push for faster startup
2026-08-20T10:47:13.049Z INFO Database initialized successfully
2026-08-20T10:47:13.051Z INFO [Migration] Checking for database migration...
2026-08-20T10:47:13.314Z INFO [Migration] No migration needed
2026-08-20T10:47:55.079Z INFO Closing entire Pythagora extension...
2026-08-20T10:47:55.083Z ERROR Error closing extension
Error: Canceled
Stack: Canceled: Canceled
    at new jx (file:///c:/Users/91852/AppData/Local/Programs/Microsoft%20VS%20Code/a5b5009513/resources/app/out/vs/workbench/api/node/extensionHostProcess.js:435:152781)
    at i._remoteCall (file:///c:/Users/91852/AppData/Local/Programs/Microsoft%20VS%20Code/a5b5009513/resources/app/out/vs/workbench/api/node/extensionHostProcess.js:435:158865)
    at Proxy.r.<computed>.s.charCodeAt.r.<computed> (file:///c:/Users/91852/AppData/Local/Programs/Microsoft%20VS%20Code/a5b5009513/resources/app/out/vs/workbench/api/node/extensionHostProcess.js:435:155618)
    at af._doExecuteCommand (file:///c:/Users/91852/AppData/Local/Programs/Microsoft%20VS%20Code/a5b5009513/resources/app/out/vs/workbench/api/node/extensionHostProcess.js:544:48319)
    at af.executeCommand (file:///c:/Users/91852/AppData/Local/Programs/Microsoft%20VS%20Code/a5b5009513/resources/app/out/vs/workbench/api/node/extensionHostProcess.js:544:47766)
    at Object.executeCommand (file:///c:/Users/91852/AppData/Local/Programs/Microsoft%20VS%20Code/a5b5009513/resources/app/out/vs/workbench/api/node/extensionHostProcess.js:674:138903)
    at closeEntirePythagoraExtension (c:\Users\91852\.vscode\extensions\pythagoratechnologies.pythagora-vs-code-2.6.19\out\extension.js:542:31)
    at Object.deactivate (c:\Users\91852\.vscode\extensions\pythagoratechnologies.pythagora-vs-code-2.6.19\out\extension.js:409:15)
    at P_._deactivate (file:///c:/Users/91852/AppData/Local/Programs/Microsoft%20VS%20Code/a5b5009513/resources/app/out/vs/workbench/api/node/extensionHostProcess.js:548:14930)
    at file:///c:/Users/91852/AppData/Local/Programs/Microsoft%20VS%20Code/a5b5009513/resources/app/out/vs/workbench/api/node/extensionHostProcess.js:548:12457
    at Array.map (<anonymous>)
    at P_._deactivateAll (file:///c:/Users/91852/AppData/Local/Programs/Microsoft%20VS%20Code/a5b5009513/resources/app/out/vs/workbench/api/node/extensionHostProcess.js:548:12445)
    at P_.terminate (file:///c:/Users/91852/AppData/Local/Programs/Microsoft%20VS%20Code/a5b5009513/resources/app/out/vs/workbench/api/node/extensionHostProcess.js:548:12796)
    at i.terminate (file:///c:/Users/91852/AppData/Local/Programs/Microsoft%20VS%20Code/a5b5009513/resources/app/out/vs/workbench/api/node/extensionHostProcess.js:550:1072)
    at ua (file:///c:/Users/91852/AppData/Local/Programs/Microsoft%20VS%20Code/a5b5009513/resources/app/out/vs/workbench/api/node/extensionHostProcess.js:853:11797)
    at Mp.value (file:///c:/Users/91852/AppData/Local/Programs/Microsoft%20VS%20Code/a5b5009513/resources/app/out/vs/workbench/api/node/extensionHostProcess.js:853:9939)
    at T._deliver (file:///c:/Users/91852/AppData/Local/Programs/Microsoft%20VS%20Code/a5b5009513/resources/app/out/vs/workbench/api/node/extensionHostProcess.js:431:3617)
    at T.fire (file:///c:/Users/91852/AppData/Local/Programs/Microsoft%20VS%20Code/a5b5009513/resources/app/out/vs/workbench/api/node/extensionHostProcess.js:431:3935)
    at vs.fire (file:///c:/Users/91852/AppData/Local/Programs/Microsoft%20VS%20Code/a5b5009513/resources/app/out/vs/workbench/api/node/extensionHostProcess.js:433:8595)
    at MessagePortMain.<anonymous> (file:///c:/Users/91852/AppData/Local/Programs/Microsoft%20VS%20Code/a5b5009513/resources/app/out/vs/workbench/api/node/extensionHostProcess.js:853:8171)
    at MessagePortMain.emit (node:events:509:28)
    at Object.emit (node:electron/js2c/utility_init:2:2934)
Extra context: {
  "message": "Canceled"
}
2026-08-21T10:43:41.416Z INFO Is remote: false
2026-08-21T10:43:41.417Z INFO Starting Local. Installation path: c:\Users\91852\Desktop\qick parctice challeges\css\DAY 7
2026-08-21T10:43:41.418Z INFO [MainProvider] Creating new MainProvider instance...
2026-08-21T10:43:41.419Z INFO [TabsManager] Code view listener set up at initialization
2026-08-21T10:43:41.419Z INFO Installation path exists: c:\Users\91852\Desktop\qick parctice challeges\css\DAY 7
2026-08-21T10:43:41.420Z INFO Initializing database with URL: file:c:\Users\91852\Desktop\qick parctice challeges\css\DAY 7\pythagora-core\data\database\pythagora.db
2026-08-21T10:43:41.423Z INFO Database file exists, skipping prisma generate/push for faster startup
2026-08-21T10:43:41.424Z INFO Database initialized successfully
2026-08-21T10:43:41.425Z INFO [Migration] Checking for database migration...
2026-08-21T10:43:52.275Z INFO Is remote: false
2026-08-21T10:43:52.275Z INFO Starting Local. Installation path: c:\Users\91852\Desktop\qick parctice challeges\css\DAY 7
2026-08-21T10:43:52.276Z INFO [MainProvider] Creating new MainProvider instance...
2026-08-21T10:43:52.276Z INFO [TabsManager] Code view listener set up at initialization
2026-08-21T10:43:52.277Z INFO Installation path exists: c:\Users\91852\Desktop\qick parctice challeges\css\DAY 7
2026-08-21T10:43:52.277Z INFO Initializing database with URL: file:c:\Users\91852\Desktop\qick parctice challeges\css\DAY 7\pythagora-core\data\database\pythagora.db
2026-08-21T10:43:52.279Z INFO Database file exists, skipping prisma generate/push for faster startup
2026-08-21T10:43:52.279Z INFO Database initialized successfully
2026-08-21T10:43:52.279Z INFO [Migration] Checking for database migration...
2026-08-21T10:43:55.114Z INFO [Migration] No migration needed
2026-08-21T10:44:16.095Z INFO Closing entire Pythagora extension...
2026-08-21T10:44:16.098Z ERROR Error closing extension
Error: Canceled
Stack: Canceled: Canceled
    at new Yx (file:///c:/Users/91852/AppData/Local/Programs/Microsoft%20VS%20Code/110a328ea5/resources/app/out/vs/workbench/api/node/extensionHostProcess.js:435:152773)
    at i._remoteCall (file:///c:/Users/91852/AppData/Local/Programs/Microsoft%20VS%20Code/110a328ea5/resources/app/out/vs/workbench/api/node/extensionHostProcess.js:435:158857)
    at Proxy.r.<computed>.s.charCodeAt.r.<computed> (file:///c:/Users/91852/AppData/Local/Programs/Microsoft%20VS%20Code/110a328ea5/resources/app/out/vs/workbench/api/node/extensionHostProcess.js:435:155610)
    at df._doExecuteCommand (file:///c:/Users/91852/AppData/Local/Programs/Microsoft%20VS%20Code/110a328ea5/resources/app/out/vs/workbench/api/node/extensionHostProcess.js:544:48319)
    at df.executeCommand (file:///c:/Users/91852/AppData/Local/Programs/Microsoft%20VS%20Code/110a328ea5/resources/app/out/vs/workbench/api/node/extensionHostProcess.js:544:47766)
    at Object.executeCommand (file:///c:/Users/91852/AppData/Local/Programs/Microsoft%20VS%20Code/110a328ea5/resources/app/out/vs/workbench/api/node/extensionHostProcess.js:674:139106)
    at closeEntirePythagoraExtension (c:\Users\91852\.vscode\extensions\pythagoratechnologies.pythagora-vs-code-2.6.19\out\extension.js:542:31)
    at Object.deactivate (c:\Users\91852\.vscode\extensions\pythagoratechnologies.pythagora-vs-code-2.6.19\out\extension.js:409:15)
    at D_._deactivate (file:///c:/Users/91852/AppData/Local/Programs/Microsoft%20VS%20Code/110a328ea5/resources/app/out/vs/workbench/api/node/extensionHostProcess.js:548:14930)
    at file:///c:/Users/91852/AppData/Local/Programs/Microsoft%20VS%20Code/110a328ea5/resources/app/out/vs/workbench/api/node/extensionHostProcess.js:548:12457
    at Array.map (<anonymous>)
    at D_._deactivateAll (file:///c:/Users/91852/AppData/Local/Programs/Microsoft%20VS%20Code/110a328ea5/resources/app/out/vs/workbench/api/node/extensionHostProcess.js:548:12445)
    at D_.terminate (file:///c:/Users/91852/AppData/Local/Programs/Microsoft%20VS%20Code/110a328ea5/resources/app/out/vs/workbench/api/node/extensionHostProcess.js:548:12796)
    at i.terminate (file:///c:/Users/91852/AppData/Local/Programs/Microsoft%20VS%20Code/110a328ea5/resources/app/out/vs/workbench/api/node/extensionHostProcess.js:550:1072)
    at pa (file:///c:/Users/91852/AppData/Local/Programs/Microsoft%20VS%20Code/110a328ea5/resources/app/out/vs/workbench/api/node/extensionHostProcess.js:853:11797)
    at Op.value (file:///c:/Users/91852/AppData/Local/Programs/Microsoft%20VS%20Code/110a328ea5/resources/app/out/vs/workbench/api/node/extensionHostProcess.js:853:9939)
    at T._deliver (file:///c:/Users/91852/AppData/Local/Programs/Microsoft%20VS%20Code/110a328ea5/resources/app/out/vs/workbench/api/node/extensionHostProcess.js:431:3617)
    at T.fire (file:///c:/Users/91852/AppData/Local/Programs/Microsoft%20VS%20Code/110a328ea5/resources/app/out/vs/workbench/api/node/extensionHostProcess.js:431:3935)
    at bs.fire (file:///c:/Users/91852/AppData/Local/Programs/Microsoft%20VS%20Code/110a328ea5/resources/app/out/vs/workbench/api/node/extensionHostProcess.js:433:8627)
    at MessagePortMain.<anonymous> (file:///c:/Users/91852/AppData/Local/Programs/Microsoft%20VS%20Code/110a328ea5/resources/app/out/vs/workbench/api/node/extensionHostProcess.js:853:8171)
    at MessagePortMain.emit (node:events:509:28)
    at Object.emit (node:electron/js2c/utility_init:2:2934)
Extra context: {
  "message": "Canceled"
}
